<html>
<body>
<pre>
<h1>µVision Build Log</h1>
<h2>Tool Versions:</h2>
IDE-Version: ¶ÃVision V5.41.0.0
Copyright (C) 2024 ARM Ltd and ARM Germany GmbH. All rights reserved.
License Information: ¡ı”Ó≥ø,  , LIC=585FJ-U5WRF-TGX7T-R6QSQ-96MJN-Q5QA1
 
Tool Versions:
Toolchain:       MDK-ARM Plus  Version: 5.41.0.0
Toolchain Path:  D:\keil5\ARM\ARMCC\Bin
C Compiler:      Armcc.exe V5.06 update 7 (build 960)
Assembler:       Armasm.exe V5.06 update 7 (build 960)
Linker/Locator:  ArmLink.exe V5.06 update 7 (build 960)
Library Manager: ArmAr.exe V5.06 update 7 (build 960)
Hex Converter:   FromElf.exe V5.06 update 7 (build 960)
CPU DLL:         SARMCM3.DLL V5.41.0.0
Dialog DLL:      DCM.DLL V1.17.5.0
Target DLL:      UL2CM3.DLL V1.164.14.0
Dialog DLL:      TCM.DLL V1.56.4.0
 
<h2>Project:</h2>
C:\Users\¡ı”Ó≥ø\Desktop\Button lighting\Button lighting keil5\Button lighting.uvprojx
Project File Date:  10/14/2024

<h2>Output:</h2>
*** Using Compiler 'V5.06 update 7 (build 960)', folder: 'D:\keil5\ARM\ARMCC\Bin'
Build target 'STM32'
compiling main.c...
compiling system_stm32f10x.c...
compiling stm32f10x_dma.c...
compiling stm32f10x_flash.c...
compiling misc.c...
compiling stm32f10x_adc.c...
compiling stm32f10x_cec.c...
compiling stm32f10x_dbgmcu.c...
compiling stm32f10x_it.c...
compiling stm32f10x_crc.c...
compiling stm32f10x_bkp.c...
compiling stm32f10x_dac.c...
compiling stm32f10x_exti.c...
compiling stm32f10x_fsmc.c...
compiling stm32f10x_can.c...
compiling stm32f10x_i2c.c...
compiling stm32f10x_iwdg.c...
compiling stm32f10x_gpio.c...
compiling stm32f10x_pwr.c...
compiling stm32f10x_rtc.c...
compiling stm32f10x_rcc.c...
assembling startup_stm32f10x_hd.s...
compiling stm32f10x_sdio.c...
compiling core_cm3.c...
compiling stm32f10x_spi.c...
compiling stm32f10x_wwdg.c...
compiling stm32f10x_usart.c...
compiling stm32f10x_tim.c...
linking...
Program Size: Code=676 RO-data=320 RW-data=0 ZI-data=1632  
".\Objects\Button lighting.axf" - 0 Error(s), 0 Warning(s).

<h2>Software Packages used:</h2>

Package Vendor: Keil
                http://www.keil.com/pack/Keil.STM32F1xx_DFP.2.3.0.pack
                Keil::STM32F1xx_DFP@2.3.0
                STMicroelectronics STM32F1 Series Device Support, Drivers and Examples

<h2>Collection of Component include folders:</h2>
  D:/keil5/Keil/STM32F1xx_DFP/2.3.0/Device/Include

<h2>Collection of Component Files used:</h2>
Build Time Elapsed:  00:00:08
</pre>
</body>
</html>
